<?xml version="1.0" encoding="UTF-8"?>
<testsuites name="jest tests" tests="2" failures="0" errors="0" time="0.387">
  <testsuite name="Basic jest test with simple assert" errors="0" failures="0" skipped="0" timestamp="2023-05-08T17:22:37" time="0.269" tests="2">
    <testcase classname="Basic jest test with simple assert should assert strings are equal" name="Basic jest test with simple assert should assert strings are equal" time="0.001">
    </testcase>
    <testcase classname="Sample test with provided record module stubs should update Sales Order memo field" name="Sample test with provided record module stubs should update Sales Order memo field" time="0.001">
    </testcase>
  </testsuite>
</testsuites>